Archive member included to satisfy reference by file (symbol)

/usr/lib/gcc/avr/10.2.0/avr5/libgcc.a(_udivmodsi4.o)
                              main.o (__udivmodsi4)
/usr/lib/gcc/avr/10.2.0/avr5/libgcc.a(_exit.o)
                              /usr/lib/gcc/avr/10.2.0/../../../../avr/lib/avr5/crtatmega328p.o (exit)
/usr/lib/gcc/avr/10.2.0/avr5/libgcc.a(_tablejump2.o)
                              main.o (__tablejump2__)
/usr/lib/gcc/avr/10.2.0/avr5/libgcc.a(_copy_data.o)
                              main.o (__do_copy_data)
/usr/lib/gcc/avr/10.2.0/avr5/libgcc.a(_clear_bss.o)
                              main.o (__do_clear_bss)
/usr/lib/gcc/avr/10.2.0/avr5/libgcc.a(_muluhisi3.o)
                              main.o (__muluhisi3)
/usr/lib/gcc/avr/10.2.0/avr5/libgcc.a(_umulhisi3.o)
                              /usr/lib/gcc/avr/10.2.0/avr5/libgcc.a(_muluhisi3.o) (__umulhisi3)
/usr/lib/gcc/avr/10.2.0/../../../../avr/lib/avr5/libc.a(memset.o)
                              main.o (memset)
/usr/lib/gcc/avr/10.2.0/../../../../avr/lib/avr5/libc.a(strcmp.o)
                              main.o (strcmp)
/usr/lib/gcc/avr/10.2.0/../../../../avr/lib/avr5/libc.a(snprintf.o)
                              main.o (snprintf)
/usr/lib/gcc/avr/10.2.0/../../../../avr/lib/avr5/libc.a(vfprintf_std.o)
                              /usr/lib/gcc/avr/10.2.0/../../../../avr/lib/avr5/libc.a(snprintf.o) (vfprintf)
/usr/lib/gcc/avr/10.2.0/../../../../avr/lib/avr5/libc.a(strnlen_P.o)
                              /usr/lib/gcc/avr/10.2.0/../../../../avr/lib/avr5/libc.a(vfprintf_std.o) (strnlen_P)
/usr/lib/gcc/avr/10.2.0/../../../../avr/lib/avr5/libc.a(strnlen.o)
                              /usr/lib/gcc/avr/10.2.0/../../../../avr/lib/avr5/libc.a(vfprintf_std.o) (strnlen)
/usr/lib/gcc/avr/10.2.0/../../../../avr/lib/avr5/libc.a(fputc.o)
                              /usr/lib/gcc/avr/10.2.0/../../../../avr/lib/avr5/libc.a(vfprintf_std.o) (fputc)
/usr/lib/gcc/avr/10.2.0/../../../../avr/lib/avr5/libc.a(ultoa_invert.o)
                              /usr/lib/gcc/avr/10.2.0/../../../../avr/lib/avr5/libc.a(vfprintf_std.o) (__ultoa_invert)
/usr/lib/gcc/avr/10.2.0/avr5/libgcc.a(_prologue.o)
                              /usr/lib/gcc/avr/10.2.0/../../../../avr/lib/avr5/libc.a(snprintf.o) (__prologue_saves__)
/usr/lib/gcc/avr/10.2.0/avr5/libgcc.a(_epilogue.o)
                              /usr/lib/gcc/avr/10.2.0/../../../../avr/lib/avr5/libc.a(snprintf.o) (__epilogue_restores__)

Memory Configuration

Name             Origin             Length             Attributes
text             0x0000000000000000 0x0000000000020000 xr
data             0x0000000000800060 0x000000000000ffa0 rw !x
eeprom           0x0000000000810000 0x0000000000010000 rw !x
fuse             0x0000000000820000 0x0000000000000400 rw !x
lock             0x0000000000830000 0x0000000000000400 rw !x
signature        0x0000000000840000 0x0000000000000400 rw !x
user_signatures  0x0000000000850000 0x0000000000000400 rw !x
*default*        0x0000000000000000 0xffffffffffffffff

Linker script and memory map

Address of section .data set to 0x800100
LOAD /usr/lib/gcc/avr/10.2.0/../../../../avr/lib/avr5/crtatmega328p.o
LOAD main.o
LOAD /usr/lib/gcc/avr/10.2.0/../../../../avr/lib/avr5/libm.a
START GROUP
LOAD /usr/lib/gcc/avr/10.2.0/avr5/libgcc.a
LOAD /usr/lib/gcc/avr/10.2.0/../../../../avr/lib/avr5/libm.a
LOAD /usr/lib/gcc/avr/10.2.0/../../../../avr/lib/avr5/libc.a
LOAD /usr/lib/gcc/avr/10.2.0/../../../../avr/lib/avr5/libatmega328p.a
END GROUP
                0x0000000000020000                __TEXT_REGION_LENGTH__ = DEFINED (__TEXT_REGION_LENGTH__)?__TEXT_REGION_LENGTH__:0x20000
                0x000000000000ffa0                __DATA_REGION_LENGTH__ = DEFINED (__DATA_REGION_LENGTH__)?__DATA_REGION_LENGTH__:0xffa0
                0x0000000000010000                __EEPROM_REGION_LENGTH__ = DEFINED (__EEPROM_REGION_LENGTH__)?__EEPROM_REGION_LENGTH__:0x10000
                0x0000000000000400                __FUSE_REGION_LENGTH__ = DEFINED (__FUSE_REGION_LENGTH__)?__FUSE_REGION_LENGTH__:0x400
                0x0000000000000400                __LOCK_REGION_LENGTH__ = DEFINED (__LOCK_REGION_LENGTH__)?__LOCK_REGION_LENGTH__:0x400
                0x0000000000000400                __SIGNATURE_REGION_LENGTH__ = DEFINED (__SIGNATURE_REGION_LENGTH__)?__SIGNATURE_REGION_LENGTH__:0x400
                0x0000000000000400                __USER_SIGNATURE_REGION_LENGTH__ = DEFINED (__USER_SIGNATURE_REGION_LENGTH__)?__USER_SIGNATURE_REGION_LENGTH__:0x400

.hash
 *(.hash)

.dynsym
 *(.dynsym)

.dynstr
 *(.dynstr)

.gnu.version
 *(.gnu.version)

.gnu.version_d
 *(.gnu.version_d)

.gnu.version_r
 *(.gnu.version_r)

.rel.init
 *(.rel.init)

.rela.init
 *(.rela.init)

.rel.text
 *(.rel.text)
 *(.rel.text.*)
 *(.rel.gnu.linkonce.t*)

.rela.text
 *(.rela.text)
 *(.rela.text.*)
 *(.rela.gnu.linkonce.t*)

.rel.fini
 *(.rel.fini)

.rela.fini
 *(.rela.fini)

.rel.rodata
 *(.rel.rodata)
 *(.rel.rodata.*)
 *(.rel.gnu.linkonce.r*)

.rela.rodata
 *(.rela.rodata)
 *(.rela.rodata.*)
 *(.rela.gnu.linkonce.r*)

.rel.data
 *(.rel.data)
 *(.rel.data.*)
 *(.rel.gnu.linkonce.d*)

.rela.data
 *(.rela.data)
 *(.rela.data.*)
 *(.rela.gnu.linkonce.d*)

.rel.ctors
 *(.rel.ctors)

.rela.ctors
 *(.rela.ctors)

.rel.dtors
 *(.rel.dtors)

.rela.dtors
 *(.rela.dtors)

.rel.got
 *(.rel.got)

.rela.got
 *(.rela.got)

.rel.bss
 *(.rel.bss)

.rela.bss
 *(.rela.bss)

.rel.plt
 *(.rel.plt)

.rela.plt
 *(.rela.plt)

.text           0x0000000000000000     0x2526
 *(.vectors)
 .vectors       0x0000000000000000       0x68 /usr/lib/gcc/avr/10.2.0/../../../../avr/lib/avr5/crtatmega328p.o
                0x0000000000000000                __vectors
                0x0000000000000000                __vector_default
 *(.vectors)
 *(.progmem.gcc*)
                0x0000000000000068                . = ALIGN (0x2)
                0x0000000000000068                __trampolines_start = .
 *(.trampolines)
 .trampolines   0x0000000000000068        0x0 linker stubs
 *(.trampolines*)
                0x0000000000000068                __trampolines_end = .
 *libprintf_flt.a:*(.progmem.data)
 *libc.a:*(.progmem.data)
 *(.progmem.*)
 .progmem.data  0x0000000000000068       0x4a main.o
                0x00000000000000b2                . = ALIGN (0x2)
 *(.lowtext)
 *(.lowtext*)
                0x00000000000000b2                __ctors_start = .
 *(.ctors)
                0x00000000000000b2                __ctors_end = .
                0x00000000000000b2                __dtors_start = .
 *(.dtors)
                0x00000000000000b2                __dtors_end = .
 SORT_BY_NAME(*)(.ctors)
 SORT_BY_NAME(*)(.dtors)
 *(.init0)
 .init0         0x00000000000000b2        0x0 /usr/lib/gcc/avr/10.2.0/../../../../avr/lib/avr5/crtatmega328p.o
                0x00000000000000b2                __init
 *(.init0)
 *(.init1)
 *(.init1)
 *(.init2)
 .init2         0x00000000000000b2        0xc /usr/lib/gcc/avr/10.2.0/../../../../avr/lib/avr5/crtatmega328p.o
 *(.init2)
 *(.init3)
 *(.init3)
 *(.init4)
 .init4         0x00000000000000be       0x16 /usr/lib/gcc/avr/10.2.0/avr5/libgcc.a(_copy_data.o)
                0x00000000000000be                __do_copy_data
 .init4         0x00000000000000d4       0x10 /usr/lib/gcc/avr/10.2.0/avr5/libgcc.a(_clear_bss.o)
                0x00000000000000d4                __do_clear_bss
 *(.init4)
 *(.init5)
 *(.init5)
 *(.init6)
 *(.init6)
 *(.init7)
 *(.init7)
 *(.init8)
 *(.init8)
 *(.init9)
 .init9         0x00000000000000e4        0x8 /usr/lib/gcc/avr/10.2.0/../../../../avr/lib/avr5/crtatmega328p.o
 *(.init9)
 *(.text)
 .text          0x00000000000000ec        0x4 /usr/lib/gcc/avr/10.2.0/../../../../avr/lib/avr5/crtatmega328p.o
                0x00000000000000ec                __vector_22
                0x00000000000000ec                __vector_1
                0x00000000000000ec                __vector_24
                0x00000000000000ec                __vector_12
                0x00000000000000ec                __bad_interrupt
                0x00000000000000ec                __vector_6
                0x00000000000000ec                __vector_3
                0x00000000000000ec                __vector_23
                0x00000000000000ec                __vector_25
                0x00000000000000ec                __vector_11
                0x00000000000000ec                __vector_13
                0x00000000000000ec                __vector_17
                0x00000000000000ec                __vector_19
                0x00000000000000ec                __vector_5
                0x00000000000000ec                __vector_4
                0x00000000000000ec                __vector_9
                0x00000000000000ec                __vector_2
                0x00000000000000ec                __vector_21
                0x00000000000000ec                __vector_15
                0x00000000000000ec                __vector_8
                0x00000000000000ec                __vector_14
                0x00000000000000ec                __vector_10
                0x00000000000000ec                __vector_16
                0x00000000000000ec                __vector_18
                0x00000000000000ec                __vector_20
 .text          0x00000000000000f0     0x1a0e main.o
                0x00000000000019fc                __vector_7
 .text          0x0000000000001afe        0x0 /usr/lib/gcc/avr/10.2.0/avr5/libgcc.a(_udivmodsi4.o)
 .text          0x0000000000001afe        0x0 /usr/lib/gcc/avr/10.2.0/avr5/libgcc.a(_exit.o)
 .text          0x0000000000001afe        0x0 /usr/lib/gcc/avr/10.2.0/avr5/libgcc.a(_tablejump2.o)
 .text          0x0000000000001afe        0x0 /usr/lib/gcc/avr/10.2.0/avr5/libgcc.a(_copy_data.o)
 .text          0x0000000000001afe        0x0 /usr/lib/gcc/avr/10.2.0/avr5/libgcc.a(_clear_bss.o)
 .text          0x0000000000001afe        0x0 /usr/lib/gcc/avr/10.2.0/avr5/libgcc.a(_muluhisi3.o)
 .text          0x0000000000001afe        0x0 /usr/lib/gcc/avr/10.2.0/avr5/libgcc.a(_umulhisi3.o)
 .text          0x0000000000001afe        0x0 /usr/lib/gcc/avr/10.2.0/../../../../avr/lib/avr5/libc.a(memset.o)
 .text          0x0000000000001afe        0x0 /usr/lib/gcc/avr/10.2.0/../../../../avr/lib/avr5/libc.a(strcmp.o)
 .text          0x0000000000001afe        0x0 /usr/lib/gcc/avr/10.2.0/../../../../avr/lib/avr5/libc.a(snprintf.o)
 .text          0x0000000000001afe        0x0 /usr/lib/gcc/avr/10.2.0/../../../../avr/lib/avr5/libc.a(vfprintf_std.o)
 .text          0x0000000000001afe        0x0 /usr/lib/gcc/avr/10.2.0/../../../../avr/lib/avr5/libc.a(strnlen_P.o)
 .text          0x0000000000001afe        0x0 /usr/lib/gcc/avr/10.2.0/../../../../avr/lib/avr5/libc.a(strnlen.o)
 .text          0x0000000000001afe        0x0 /usr/lib/gcc/avr/10.2.0/../../../../avr/lib/avr5/libc.a(fputc.o)
 .text          0x0000000000001afe        0x0 /usr/lib/gcc/avr/10.2.0/../../../../avr/lib/avr5/libc.a(ultoa_invert.o)
 .text          0x0000000000001afe        0x0 /usr/lib/gcc/avr/10.2.0/avr5/libgcc.a(_prologue.o)
 .text          0x0000000000001afe        0x0 /usr/lib/gcc/avr/10.2.0/avr5/libgcc.a(_epilogue.o)
                0x0000000000001afe                . = ALIGN (0x2)
 *(.text.*)
 .text.startup  0x0000000000001afe      0x3b6 main.o
                0x0000000000001afe                main
 .text.libgcc.mul
                0x0000000000001eb4        0x0 /usr/lib/gcc/avr/10.2.0/avr5/libgcc.a(_udivmodsi4.o)
 .text.libgcc.div
                0x0000000000001eb4       0x44 /usr/lib/gcc/avr/10.2.0/avr5/libgcc.a(_udivmodsi4.o)
                0x0000000000001eb4                __udivmodsi4
 .text.libgcc   0x0000000000001ef8        0x0 /usr/lib/gcc/avr/10.2.0/avr5/libgcc.a(_udivmodsi4.o)
 .text.libgcc.prologue
                0x0000000000001ef8        0x0 /usr/lib/gcc/avr/10.2.0/avr5/libgcc.a(_udivmodsi4.o)
 .text.libgcc.builtins
                0x0000000000001ef8        0x0 /usr/lib/gcc/avr/10.2.0/avr5/libgcc.a(_udivmodsi4.o)
 .text.libgcc.fmul
                0x0000000000001ef8        0x0 /usr/lib/gcc/avr/10.2.0/avr5/libgcc.a(_udivmodsi4.o)
 .text.libgcc.fixed
                0x0000000000001ef8        0x0 /usr/lib/gcc/avr/10.2.0/avr5/libgcc.a(_udivmodsi4.o)
 .text.libgcc.mul
                0x0000000000001ef8        0x0 /usr/lib/gcc/avr/10.2.0/avr5/libgcc.a(_exit.o)
 .text.libgcc.div
                0x0000000000001ef8        0x0 /usr/lib/gcc/avr/10.2.0/avr5/libgcc.a(_exit.o)
 .text.libgcc   0x0000000000001ef8        0x0 /usr/lib/gcc/avr/10.2.0/avr5/libgcc.a(_exit.o)
 .text.libgcc.prologue
                0x0000000000001ef8        0x0 /usr/lib/gcc/avr/10.2.0/avr5/libgcc.a(_exit.o)
 .text.libgcc.builtins
                0x0000000000001ef8        0x0 /usr/lib/gcc/avr/10.2.0/avr5/libgcc.a(_exit.o)
 .text.libgcc.fmul
                0x0000000000001ef8        0x0 /usr/lib/gcc/avr/10.2.0/avr5/libgcc.a(_exit.o)
 .text.libgcc.fixed
                0x0000000000001ef8        0x0 /usr/lib/gcc/avr/10.2.0/avr5/libgcc.a(_exit.o)
 .text.libgcc.mul
                0x0000000000001ef8        0x0 /usr/lib/gcc/avr/10.2.0/avr5/libgcc.a(_tablejump2.o)
 .text.libgcc.div
                0x0000000000001ef8        0x0 /usr/lib/gcc/avr/10.2.0/avr5/libgcc.a(_tablejump2.o)
 .text.libgcc   0x0000000000001ef8        0xc /usr/lib/gcc/avr/10.2.0/avr5/libgcc.a(_tablejump2.o)
                0x0000000000001ef8                __tablejump2__
 .text.libgcc.prologue
                0x0000000000001f04        0x0 /usr/lib/gcc/avr/10.2.0/avr5/libgcc.a(_tablejump2.o)
 .text.libgcc.builtins
                0x0000000000001f04        0x0 /usr/lib/gcc/avr/10.2.0/avr5/libgcc.a(_tablejump2.o)
 .text.libgcc.fmul
                0x0000000000001f04        0x0 /usr/lib/gcc/avr/10.2.0/avr5/libgcc.a(_tablejump2.o)
 .text.libgcc.fixed
                0x0000000000001f04        0x0 /usr/lib/gcc/avr/10.2.0/avr5/libgcc.a(_tablejump2.o)
 .text.libgcc.mul
                0x0000000000001f04        0x0 /usr/lib/gcc/avr/10.2.0/avr5/libgcc.a(_copy_data.o)
 .text.libgcc.div
                0x0000000000001f04        0x0 /usr/lib/gcc/avr/10.2.0/avr5/libgcc.a(_copy_data.o)
 .text.libgcc   0x0000000000001f04        0x0 /usr/lib/gcc/avr/10.2.0/avr5/libgcc.a(_copy_data.o)
 .text.libgcc.prologue
                0x0000000000001f04        0x0 /usr/lib/gcc/avr/10.2.0/avr5/libgcc.a(_copy_data.o)
 .text.libgcc.builtins
                0x0000000000001f04        0x0 /usr/lib/gcc/avr/10.2.0/avr5/libgcc.a(_copy_data.o)
 .text.libgcc.fmul
                0x0000000000001f04        0x0 /usr/lib/gcc/avr/10.2.0/avr5/libgcc.a(_copy_data.o)
 .text.libgcc.fixed
                0x0000000000001f04        0x0 /usr/lib/gcc/avr/10.2.0/avr5/libgcc.a(_copy_data.o)
 .text.libgcc.mul
                0x0000000000001f04        0x0 /usr/lib/gcc/avr/10.2.0/avr5/libgcc.a(_clear_bss.o)
 .text.libgcc.div
                0x0000000000001f04        0x0 /usr/lib/gcc/avr/10.2.0/avr5/libgcc.a(_clear_bss.o)
 .text.libgcc   0x0000000000001f04        0x0 /usr/lib/gcc/avr/10.2.0/avr5/libgcc.a(_clear_bss.o)
 .text.libgcc.prologue
                0x0000000000001f04        0x0 /usr/lib/gcc/avr/10.2.0/avr5/libgcc.a(_clear_bss.o)
 .text.libgcc.builtins
                0x0000000000001f04        0x0 /usr/lib/gcc/avr/10.2.0/avr5/libgcc.a(_clear_bss.o)
 .text.libgcc.fmul
                0x0000000000001f04        0x0 /usr/lib/gcc/avr/10.2.0/avr5/libgcc.a(_clear_bss.o)
 .text.libgcc.fixed
                0x0000000000001f04        0x0 /usr/lib/gcc/avr/10.2.0/avr5/libgcc.a(_clear_bss.o)
 .text.libgcc.mul
                0x0000000000001f04       0x16 /usr/lib/gcc/avr/10.2.0/avr5/libgcc.a(_muluhisi3.o)
                0x0000000000001f04                __muluhisi3
 .text.libgcc.div
                0x0000000000001f1a        0x0 /usr/lib/gcc/avr/10.2.0/avr5/libgcc.a(_muluhisi3.o)
 .text.libgcc   0x0000000000001f1a        0x0 /usr/lib/gcc/avr/10.2.0/avr5/libgcc.a(_muluhisi3.o)
 .text.libgcc.prologue
                0x0000000000001f1a        0x0 /usr/lib/gcc/avr/10.2.0/avr5/libgcc.a(_muluhisi3.o)
 .text.libgcc.builtins
                0x0000000000001f1a        0x0 /usr/lib/gcc/avr/10.2.0/avr5/libgcc.a(_muluhisi3.o)
 .text.libgcc.fmul
                0x0000000000001f1a        0x0 /usr/lib/gcc/avr/10.2.0/avr5/libgcc.a(_muluhisi3.o)
 .text.libgcc.fixed
                0x0000000000001f1a        0x0 /usr/lib/gcc/avr/10.2.0/avr5/libgcc.a(_muluhisi3.o)
 .text.libgcc.mul
                0x0000000000001f1a       0x1e /usr/lib/gcc/avr/10.2.0/avr5/libgcc.a(_umulhisi3.o)
                0x0000000000001f1a                __umulhisi3
 .text.libgcc.div
                0x0000000000001f38        0x0 /usr/lib/gcc/avr/10.2.0/avr5/libgcc.a(_umulhisi3.o)
 .text.libgcc   0x0000000000001f38        0x0 /usr/lib/gcc/avr/10.2.0/avr5/libgcc.a(_umulhisi3.o)
 .text.libgcc.prologue
                0x0000000000001f38        0x0 /usr/lib/gcc/avr/10.2.0/avr5/libgcc.a(_umulhisi3.o)
 .text.libgcc.builtins
                0x0000000000001f38        0x0 /usr/lib/gcc/avr/10.2.0/avr5/libgcc.a(_umulhisi3.o)
 .text.libgcc.fmul
                0x0000000000001f38        0x0 /usr/lib/gcc/avr/10.2.0/avr5/libgcc.a(_umulhisi3.o)
 .text.libgcc.fixed
                0x0000000000001f38        0x0 /usr/lib/gcc/avr/10.2.0/avr5/libgcc.a(_umulhisi3.o)
 .text.avr-libc
                0x0000000000001f38        0xe /usr/lib/gcc/avr/10.2.0/../../../../avr/lib/avr5/libc.a(memset.o)
                0x0000000000001f38                memset
 .text.avr-libc
                0x0000000000001f46       0x12 /usr/lib/gcc/avr/10.2.0/../../../../avr/lib/avr5/libc.a(strcmp.o)
                0x0000000000001f46                strcmp
 .text.avr-libc
                0x0000000000001f58       0x60 /usr/lib/gcc/avr/10.2.0/../../../../avr/lib/avr5/libc.a(snprintf.o)
                0x0000000000001f58                snprintf
 .text.avr-libc
                0x0000000000001fb8      0x3a6 /usr/lib/gcc/avr/10.2.0/../../../../avr/lib/avr5/libc.a(vfprintf_std.o)
                0x0000000000001fb8                vfprintf
 .text.avr-libc
                0x000000000000235e       0x16 /usr/lib/gcc/avr/10.2.0/../../../../avr/lib/avr5/libc.a(strnlen_P.o)
                0x000000000000235e                strnlen_P
 .text.avr-libc
                0x0000000000002374       0x16 /usr/lib/gcc/avr/10.2.0/../../../../avr/lib/avr5/libc.a(strnlen.o)
                0x0000000000002374                strnlen
 .text.avr-libc
                0x000000000000238a       0x60 /usr/lib/gcc/avr/10.2.0/../../../../avr/lib/avr5/libc.a(fputc.o)
                0x000000000000238a                fputc
 .text.avr-libc
                0x00000000000023ea       0xbc /usr/lib/gcc/avr/10.2.0/../../../../avr/lib/avr5/libc.a(ultoa_invert.o)
                0x00000000000023ea                __ultoa_invert
 .text.libgcc.mul
                0x00000000000024a6        0x0 /usr/lib/gcc/avr/10.2.0/avr5/libgcc.a(_prologue.o)
 .text.libgcc.div
                0x00000000000024a6        0x0 /usr/lib/gcc/avr/10.2.0/avr5/libgcc.a(_prologue.o)
 .text.libgcc   0x00000000000024a6        0x0 /usr/lib/gcc/avr/10.2.0/avr5/libgcc.a(_prologue.o)
 .text.libgcc.prologue
                0x00000000000024a6       0x38 /usr/lib/gcc/avr/10.2.0/avr5/libgcc.a(_prologue.o)
                0x00000000000024a6                __prologue_saves__
 .text.libgcc.builtins
                0x00000000000024de        0x0 /usr/lib/gcc/avr/10.2.0/avr5/libgcc.a(_prologue.o)
 .text.libgcc.fmul
                0x00000000000024de        0x0 /usr/lib/gcc/avr/10.2.0/avr5/libgcc.a(_prologue.o)
 .text.libgcc.fixed
                0x00000000000024de        0x0 /usr/lib/gcc/avr/10.2.0/avr5/libgcc.a(_prologue.o)
 .text.libgcc.mul
                0x00000000000024de        0x0 /usr/lib/gcc/avr/10.2.0/avr5/libgcc.a(_epilogue.o)
 .text.libgcc.div
                0x00000000000024de        0x0 /usr/lib/gcc/avr/10.2.0/avr5/libgcc.a(_epilogue.o)
 .text.libgcc   0x00000000000024de        0x0 /usr/lib/gcc/avr/10.2.0/avr5/libgcc.a(_epilogue.o)
 .text.libgcc.prologue
                0x00000000000024de       0x36 /usr/lib/gcc/avr/10.2.0/avr5/libgcc.a(_epilogue.o)
                0x00000000000024de                __epilogue_restores__
 .text.libgcc.builtins
                0x0000000000002514        0x0 /usr/lib/gcc/avr/10.2.0/avr5/libgcc.a(_epilogue.o)
 .text.libgcc.fmul
                0x0000000000002514        0x0 /usr/lib/gcc/avr/10.2.0/avr5/libgcc.a(_epilogue.o)
 .text.libgcc.fixed
                0x0000000000002514        0x0 /usr/lib/gcc/avr/10.2.0/avr5/libgcc.a(_epilogue.o)
                0x0000000000002514                . = ALIGN (0x2)
 *(.fini9)
 .fini9         0x0000000000002514        0x0 /usr/lib/gcc/avr/10.2.0/avr5/libgcc.a(_exit.o)
                0x0000000000002514                exit
                0x0000000000002514                _exit
 *(.fini9)
 *(.fini8)
 *(.fini8)
 *(.fini7)
 *(.fini7)
 *(.fini6)
 *(.fini6)
 *(.fini5)
 *(.fini5)
 *(.fini4)
 *(.fini4)
 *(.fini3)
 *(.fini3)
 *(.fini2)
 *(.fini2)
 *(.fini1)
 *(.fini1)
 *(.fini0)
 .fini0         0x0000000000002514        0x4 /usr/lib/gcc/avr/10.2.0/avr5/libgcc.a(_exit.o)
 *(.fini0)
 *(.hightext)
 *(.hightext*)
 *(.progmemx.*)
                0x0000000000002518                . = ALIGN (0x2)
 *(.jumptables)
 *(.jumptables*)
 .jumptables.gcc.player_event
                0x0000000000002518        0xe main.o
                0x0000000000002526                _etext = .

.data           0x0000000000800100      0x194 load address 0x0000000000002526
                0x0000000000800100                PROVIDE (__data_start = .)
 *(.data)
 .data          0x0000000000800100        0x0 /usr/lib/gcc/avr/10.2.0/../../../../avr/lib/avr5/crtatmega328p.o
 .data          0x0000000000800100      0x100 main.o
 .data          0x0000000000800200        0x0 /usr/lib/gcc/avr/10.2.0/avr5/libgcc.a(_udivmodsi4.o)
 .data          0x0000000000800200        0x0 /usr/lib/gcc/avr/10.2.0/avr5/libgcc.a(_exit.o)
 .data          0x0000000000800200        0x0 /usr/lib/gcc/avr/10.2.0/avr5/libgcc.a(_tablejump2.o)
 .data          0x0000000000800200        0x0 /usr/lib/gcc/avr/10.2.0/avr5/libgcc.a(_copy_data.o)
 .data          0x0000000000800200        0x0 /usr/lib/gcc/avr/10.2.0/avr5/libgcc.a(_clear_bss.o)
 .data          0x0000000000800200        0x0 /usr/lib/gcc/avr/10.2.0/avr5/libgcc.a(_muluhisi3.o)
 .data          0x0000000000800200        0x0 /usr/lib/gcc/avr/10.2.0/avr5/libgcc.a(_umulhisi3.o)
 .data          0x0000000000800200        0x0 /usr/lib/gcc/avr/10.2.0/../../../../avr/lib/avr5/libc.a(memset.o)
 .data          0x0000000000800200        0x0 /usr/lib/gcc/avr/10.2.0/../../../../avr/lib/avr5/libc.a(strcmp.o)
 .data          0x0000000000800200        0x0 /usr/lib/gcc/avr/10.2.0/../../../../avr/lib/avr5/libc.a(snprintf.o)
 .data          0x0000000000800200        0x0 /usr/lib/gcc/avr/10.2.0/../../../../avr/lib/avr5/libc.a(vfprintf_std.o)
 .data          0x0000000000800200        0x0 /usr/lib/gcc/avr/10.2.0/../../../../avr/lib/avr5/libc.a(strnlen_P.o)
 .data          0x0000000000800200        0x0 /usr/lib/gcc/avr/10.2.0/../../../../avr/lib/avr5/libc.a(strnlen.o)
 .data          0x0000000000800200        0x0 /usr/lib/gcc/avr/10.2.0/../../../../avr/lib/avr5/libc.a(fputc.o)
 .data          0x0000000000800200        0x0 /usr/lib/gcc/avr/10.2.0/../../../../avr/lib/avr5/libc.a(ultoa_invert.o)
 .data          0x0000000000800200        0x0 /usr/lib/gcc/avr/10.2.0/avr5/libgcc.a(_prologue.o)
 .data          0x0000000000800200        0x0 /usr/lib/gcc/avr/10.2.0/avr5/libgcc.a(_epilogue.o)
 *(.data*)
 *(.gnu.linkonce.d*)
 *(.rodata)
 .rodata        0x0000000000800200       0x61 main.o
                0x0000000000800234                chr_plus_minus
                0x000000000080023c                chr_pause
                0x0000000000800244                chr_play
 *(.rodata*)
 .rodata.str1.1
                0x0000000000800261       0x33 main.o
                                         0x41 (size before relaxing)
 *(.gnu.linkonce.r*)
                0x0000000000800294                . = ALIGN (0x2)
                0x0000000000800294                _edata = .
                0x0000000000800294                PROVIDE (__data_end = .)

.bss            0x0000000000800294      0x480
                0x0000000000800294                PROVIDE (__bss_start = .)
 *(.bss)
 .bss           0x0000000000800294        0x0 /usr/lib/gcc/avr/10.2.0/../../../../avr/lib/avr5/crtatmega328p.o
 .bss           0x0000000000800294      0x480 main.o
 .bss           0x0000000000800714        0x0 /usr/lib/gcc/avr/10.2.0/avr5/libgcc.a(_udivmodsi4.o)
 .bss           0x0000000000800714        0x0 /usr/lib/gcc/avr/10.2.0/avr5/libgcc.a(_exit.o)
 .bss           0x0000000000800714        0x0 /usr/lib/gcc/avr/10.2.0/avr5/libgcc.a(_tablejump2.o)
 .bss           0x0000000000800714        0x0 /usr/lib/gcc/avr/10.2.0/avr5/libgcc.a(_copy_data.o)
 .bss           0x0000000000800714        0x0 /usr/lib/gcc/avr/10.2.0/avr5/libgcc.a(_clear_bss.o)
 .bss           0x0000000000800714        0x0 /usr/lib/gcc/avr/10.2.0/avr5/libgcc.a(_muluhisi3.o)
 .bss           0x0000000000800714        0x0 /usr/lib/gcc/avr/10.2.0/avr5/libgcc.a(_umulhisi3.o)
 .bss           0x0000000000800714        0x0 /usr/lib/gcc/avr/10.2.0/../../../../avr/lib/avr5/libc.a(memset.o)
 .bss           0x0000000000800714        0x0 /usr/lib/gcc/avr/10.2.0/../../../../avr/lib/avr5/libc.a(strcmp.o)
 .bss           0x0000000000800714        0x0 /usr/lib/gcc/avr/10.2.0/../../../../avr/lib/avr5/libc.a(snprintf.o)
 .bss           0x0000000000800714        0x0 /usr/lib/gcc/avr/10.2.0/../../../../avr/lib/avr5/libc.a(vfprintf_std.o)
 .bss           0x0000000000800714        0x0 /usr/lib/gcc/avr/10.2.0/../../../../avr/lib/avr5/libc.a(strnlen_P.o)
 .bss           0x0000000000800714        0x0 /usr/lib/gcc/avr/10.2.0/../../../../avr/lib/avr5/libc.a(strnlen.o)
 .bss           0x0000000000800714        0x0 /usr/lib/gcc/avr/10.2.0/../../../../avr/lib/avr5/libc.a(fputc.o)
 .bss           0x0000000000800714        0x0 /usr/lib/gcc/avr/10.2.0/../../../../avr/lib/avr5/libc.a(ultoa_invert.o)
 .bss           0x0000000000800714        0x0 /usr/lib/gcc/avr/10.2.0/avr5/libgcc.a(_prologue.o)
 .bss           0x0000000000800714        0x0 /usr/lib/gcc/avr/10.2.0/avr5/libgcc.a(_epilogue.o)
 *(.bss*)
 *(COMMON)
                0x0000000000800714                PROVIDE (__bss_end = .)
                0x0000000000002526                __data_load_start = LOADADDR (.data)
                0x00000000000026ba                __data_load_end = (__data_load_start + SIZEOF (.data))

.noinit         0x0000000000800714        0x0
                [!provide]                        PROVIDE (__noinit_start = .)
 *(.noinit .noinit.* .gnu.linkonce.n.*)
                [!provide]                        PROVIDE (__noinit_end = .)
                0x0000000000800714                _end = .
                [!provide]                        PROVIDE (__heap_start = .)

.eeprom         0x0000000000810000        0x0
 *(.eeprom*)
                0x0000000000810000                __eeprom_end = .

.fuse
 *(.fuse)
 *(.lfuse)
 *(.hfuse)
 *(.efuse)

.lock
 *(.lock*)

.signature
 *(.signature*)

.stab
 *(.stab)

.stabstr
 *(.stabstr)

.stab.excl
 *(.stab.excl)

.stab.exclstr
 *(.stab.exclstr)

.stab.index
 *(.stab.index)

.stab.indexstr
 *(.stab.indexstr)

.comment        0x0000000000000000       0x24
 *(.comment)
 .comment       0x0000000000000000       0x12 main.o
                                         0x13 (size before relaxing)
 .comment       0x0000000000000012       0x12 /usr/lib/gcc/avr/10.2.0/../../../../avr/lib/avr5/libc.a(snprintf.o)
                                         0x13 (size before relaxing)
 .comment       0x0000000000000024       0x13 /usr/lib/gcc/avr/10.2.0/../../../../avr/lib/avr5/libc.a(vfprintf_std.o)
 .comment       0x0000000000000024       0x13 /usr/lib/gcc/avr/10.2.0/../../../../avr/lib/avr5/libc.a(fputc.o)

.note.gnu.avr.deviceinfo
                0x0000000000000000       0x40
 .note.gnu.avr.deviceinfo
                0x0000000000000000       0x40 /usr/lib/gcc/avr/10.2.0/../../../../avr/lib/avr5/crtatmega328p.o

.note.gnu.build-id
 *(.note.gnu.build-id)

.debug
 *(.debug)

.line
 *(.line)

.debug_srcinfo
 *(.debug_srcinfo)

.debug_sfnames
 *(.debug_sfnames)

.debug_aranges  0x0000000000000000       0x28
 *(.debug_aranges)
 .debug_aranges
                0x0000000000000000       0x28 main.o

.debug_pubnames
 *(.debug_pubnames)

.debug_info     0x0000000000000000     0x381b
 *(.debug_info .gnu.linkonce.wi.*)
 .debug_info    0x0000000000000000      0x5f4 /usr/lib/gcc/avr/10.2.0/../../../../avr/lib/avr5/crtatmega328p.o
 .debug_info    0x00000000000005f4     0x3227 main.o

.debug_abbrev   0x0000000000000000      0xb62
 *(.debug_abbrev)
 .debug_abbrev  0x0000000000000000      0x5a2 /usr/lib/gcc/avr/10.2.0/../../../../avr/lib/avr5/crtatmega328p.o
 .debug_abbrev  0x00000000000005a2      0x5c0 main.o

.debug_line     0x0000000000000000     0x38c2
 *(.debug_line .debug_line.* .debug_line_end)
 .debug_line    0x0000000000000000       0x1d /usr/lib/gcc/avr/10.2.0/../../../../avr/lib/avr5/crtatmega328p.o
 .debug_line    0x000000000000001d     0x38a5 main.o

.debug_frame    0x0000000000000000      0x594
 *(.debug_frame)
 .debug_frame   0x0000000000000000      0x594 main.o

.debug_str      0x0000000000000000      0x994
 *(.debug_str)
 .debug_str     0x0000000000000000      0x208 /usr/lib/gcc/avr/10.2.0/../../../../avr/lib/avr5/crtatmega328p.o
 .debug_str     0x0000000000000208      0x78c main.o
                                        0x831 (size before relaxing)

.debug_loc      0x0000000000000000     0x2e33
 *(.debug_loc)
 .debug_loc     0x0000000000000000     0x2e33 main.o

.debug_macinfo
 *(.debug_macinfo)

.debug_weaknames
 *(.debug_weaknames)

.debug_funcnames
 *(.debug_funcnames)

.debug_typenames
 *(.debug_typenames)

.debug_varnames
 *(.debug_varnames)

.debug_pubtypes
 *(.debug_pubtypes)

.debug_ranges   0x0000000000000000      0x238
 *(.debug_ranges)
 .debug_ranges  0x0000000000000000      0x238 main.o

.debug_addr
 *(.debug_addr)

.debug_line_str
 *(.debug_line_str)

.debug_loclists
 *(.debug_loclists)

.debug_macro
 *(.debug_macro)

.debug_names
 *(.debug_names)

.debug_rnglists
 *(.debug_rnglists)

.debug_str_offsets
 *(.debug_str_offsets)

.debug_sup
 *(.debug_sup)
OUTPUT(main.elf elf32-avr)
LOAD linker stubs

Cross Reference Table

Symbol                                            File
__bad_interrupt                                   /usr/lib/gcc/avr/10.2.0/../../../../avr/lib/avr5/crtatmega328p.o
__bss_end                                         /usr/lib/gcc/avr/10.2.0/avr5/libgcc.a(_clear_bss.o)
__bss_start                                       /usr/lib/gcc/avr/10.2.0/avr5/libgcc.a(_clear_bss.o)
__data_end                                        /usr/lib/gcc/avr/10.2.0/avr5/libgcc.a(_copy_data.o)
__data_load_start                                 /usr/lib/gcc/avr/10.2.0/avr5/libgcc.a(_copy_data.o)
__data_start                                      /usr/lib/gcc/avr/10.2.0/avr5/libgcc.a(_copy_data.o)
__do_clear_bss                                    /usr/lib/gcc/avr/10.2.0/avr5/libgcc.a(_clear_bss.o)
                                                  main.o
__do_copy_data                                    /usr/lib/gcc/avr/10.2.0/avr5/libgcc.a(_copy_data.o)
                                                  main.o
__epilogue_restores__                             /usr/lib/gcc/avr/10.2.0/avr5/libgcc.a(_epilogue.o)
                                                  /usr/lib/gcc/avr/10.2.0/../../../../avr/lib/avr5/libc.a(vfprintf_std.o)
                                                  /usr/lib/gcc/avr/10.2.0/../../../../avr/lib/avr5/libc.a(snprintf.o)
__heap_end                                        /usr/lib/gcc/avr/10.2.0/../../../../avr/lib/avr5/crtatmega328p.o
__init                                            /usr/lib/gcc/avr/10.2.0/../../../../avr/lib/avr5/crtatmega328p.o
__muluhisi3                                       /usr/lib/gcc/avr/10.2.0/avr5/libgcc.a(_muluhisi3.o)
                                                  main.o
__prologue_saves__                                /usr/lib/gcc/avr/10.2.0/avr5/libgcc.a(_prologue.o)
                                                  /usr/lib/gcc/avr/10.2.0/../../../../avr/lib/avr5/libc.a(vfprintf_std.o)
                                                  /usr/lib/gcc/avr/10.2.0/../../../../avr/lib/avr5/libc.a(snprintf.o)
__stack                                           /usr/lib/gcc/avr/10.2.0/../../../../avr/lib/avr5/crtatmega328p.o
__tablejump2__                                    /usr/lib/gcc/avr/10.2.0/avr5/libgcc.a(_tablejump2.o)
                                                  main.o
__udivmodsi4                                      /usr/lib/gcc/avr/10.2.0/avr5/libgcc.a(_udivmodsi4.o)
                                                  main.o
__ultoa_invert                                    /usr/lib/gcc/avr/10.2.0/../../../../avr/lib/avr5/libc.a(ultoa_invert.o)
                                                  /usr/lib/gcc/avr/10.2.0/../../../../avr/lib/avr5/libc.a(vfprintf_std.o)
__umulhisi3                                       /usr/lib/gcc/avr/10.2.0/avr5/libgcc.a(_umulhisi3.o)
                                                  /usr/lib/gcc/avr/10.2.0/avr5/libgcc.a(_muluhisi3.o)
__vector_1                                        /usr/lib/gcc/avr/10.2.0/../../../../avr/lib/avr5/crtatmega328p.o
__vector_10                                       /usr/lib/gcc/avr/10.2.0/../../../../avr/lib/avr5/crtatmega328p.o
__vector_11                                       /usr/lib/gcc/avr/10.2.0/../../../../avr/lib/avr5/crtatmega328p.o
__vector_12                                       /usr/lib/gcc/avr/10.2.0/../../../../avr/lib/avr5/crtatmega328p.o
__vector_13                                       /usr/lib/gcc/avr/10.2.0/../../../../avr/lib/avr5/crtatmega328p.o
__vector_14                                       /usr/lib/gcc/avr/10.2.0/../../../../avr/lib/avr5/crtatmega328p.o
__vector_15                                       /usr/lib/gcc/avr/10.2.0/../../../../avr/lib/avr5/crtatmega328p.o
__vector_16                                       /usr/lib/gcc/avr/10.2.0/../../../../avr/lib/avr5/crtatmega328p.o
__vector_17                                       /usr/lib/gcc/avr/10.2.0/../../../../avr/lib/avr5/crtatmega328p.o
__vector_18                                       /usr/lib/gcc/avr/10.2.0/../../../../avr/lib/avr5/crtatmega328p.o
__vector_19                                       /usr/lib/gcc/avr/10.2.0/../../../../avr/lib/avr5/crtatmega328p.o
__vector_2                                        /usr/lib/gcc/avr/10.2.0/../../../../avr/lib/avr5/crtatmega328p.o
__vector_20                                       /usr/lib/gcc/avr/10.2.0/../../../../avr/lib/avr5/crtatmega328p.o
__vector_21                                       /usr/lib/gcc/avr/10.2.0/../../../../avr/lib/avr5/crtatmega328p.o
__vector_22                                       /usr/lib/gcc/avr/10.2.0/../../../../avr/lib/avr5/crtatmega328p.o
__vector_23                                       /usr/lib/gcc/avr/10.2.0/../../../../avr/lib/avr5/crtatmega328p.o
__vector_24                                       /usr/lib/gcc/avr/10.2.0/../../../../avr/lib/avr5/crtatmega328p.o
__vector_25                                       /usr/lib/gcc/avr/10.2.0/../../../../avr/lib/avr5/crtatmega328p.o
__vector_3                                        /usr/lib/gcc/avr/10.2.0/../../../../avr/lib/avr5/crtatmega328p.o
__vector_4                                        /usr/lib/gcc/avr/10.2.0/../../../../avr/lib/avr5/crtatmega328p.o
__vector_5                                        /usr/lib/gcc/avr/10.2.0/../../../../avr/lib/avr5/crtatmega328p.o
__vector_6                                        /usr/lib/gcc/avr/10.2.0/../../../../avr/lib/avr5/crtatmega328p.o
__vector_7                                        main.o
                                                  /usr/lib/gcc/avr/10.2.0/../../../../avr/lib/avr5/crtatmega328p.o
__vector_8                                        /usr/lib/gcc/avr/10.2.0/../../../../avr/lib/avr5/crtatmega328p.o
__vector_9                                        /usr/lib/gcc/avr/10.2.0/../../../../avr/lib/avr5/crtatmega328p.o
__vector_default                                  /usr/lib/gcc/avr/10.2.0/../../../../avr/lib/avr5/crtatmega328p.o
__vectors                                         /usr/lib/gcc/avr/10.2.0/../../../../avr/lib/avr5/crtatmega328p.o
_exit                                             /usr/lib/gcc/avr/10.2.0/avr5/libgcc.a(_exit.o)
chr_pause                                         main.o
chr_play                                          main.o
chr_plus_minus                                    main.o
exit                                              /usr/lib/gcc/avr/10.2.0/avr5/libgcc.a(_exit.o)
                                                  /usr/lib/gcc/avr/10.2.0/../../../../avr/lib/avr5/crtatmega328p.o
fputc                                             /usr/lib/gcc/avr/10.2.0/../../../../avr/lib/avr5/libc.a(fputc.o)
                                                  /usr/lib/gcc/avr/10.2.0/../../../../avr/lib/avr5/libc.a(vfprintf_std.o)
main                                              main.o
                                                  /usr/lib/gcc/avr/10.2.0/../../../../avr/lib/avr5/crtatmega328p.o
memset                                            /usr/lib/gcc/avr/10.2.0/../../../../avr/lib/avr5/libc.a(memset.o)
                                                  main.o
snprintf                                          /usr/lib/gcc/avr/10.2.0/../../../../avr/lib/avr5/libc.a(snprintf.o)
                                                  main.o
strcmp                                            /usr/lib/gcc/avr/10.2.0/../../../../avr/lib/avr5/libc.a(strcmp.o)
                                                  main.o
strnlen                                           /usr/lib/gcc/avr/10.2.0/../../../../avr/lib/avr5/libc.a(strnlen.o)
                                                  /usr/lib/gcc/avr/10.2.0/../../../../avr/lib/avr5/libc.a(vfprintf_std.o)
strnlen_P                                         /usr/lib/gcc/avr/10.2.0/../../../../avr/lib/avr5/libc.a(strnlen_P.o)
                                                  /usr/lib/gcc/avr/10.2.0/../../../../avr/lib/avr5/libc.a(vfprintf_std.o)
vfprintf                                          /usr/lib/gcc/avr/10.2.0/../../../../avr/lib/avr5/libc.a(vfprintf_std.o)
                                                  /usr/lib/gcc/avr/10.2.0/../../../../avr/lib/avr5/libc.a(snprintf.o)
